
> headless-cms-sdlc@0.1.0 build
> node scripts/next.mjs build

▲ Next.js 16.4.0 (webpack)
- Environments: .env
✓ Running next.config.mjs took 72ms

  Creating an optimized production build ...
✓ Compiled successfully in 16.7s
  Running TypeScript ...
  Finished TypeScript in 11.7s ...
  Collecting page data using 6 workers ...
  Generating static pages using 6 workers (0/2) ...
✓ Generating static pages using 6 workers (2/2) in 1903ms
  Finalizing page optimization ...
  Collecting build traces ...

Route (app)
┌ ƒ /
├ ○ /_not-found
├ ƒ /admin/[[...segments]]
└ ƒ /api/[...slug]


○  (Static)   prerendered as static content
ƒ  (Dynamic)  server-rendered on demand

